package generated

type Tone = string

const (
    ToneDark Tone = "dark"
    ToneHopeful Tone = "hopeful"
    TonePlayful Tone = "playful"
)

type CriticInput struct {
    Draft string `json:"draft"`
}

type CriticOutput struct {
    Notes string `json:"notes"`
    Score float64 `json:"score"`
}

type WriterInput struct {
    MaxTokens int `json:"maxTokens"`
    Prompt string `json:"prompt"`
}

type WriterOutput struct {
    Chapters []WriterOutputChaptersItem `json:"chapters"`
    Draft string `json:"draft"`
    Duration float64 `json:"duration"`
    Tone Tone `json:"tone"`
}

type WriterOutputChaptersItem struct {
    ID string `json:"id"`
    Title string `json:"title"`
}

type NovelInput = WriterInput

type NovelOutput = CriticOutput
